Presenter.hpp:37:18:virtual void touchgfx::Presenter::activate()	16	static
Presenter.hpp:47:18:virtual void touchgfx::Presenter::deactivate()	16	static
Presenter.hpp:52:13:touchgfx::Presenter::~Presenter()	16	static
Presenter.hpp:52:13:virtual touchgfx::Presenter::~Presenter()	16	static
Presenter.hpp:58:5:touchgfx::Presenter::Presenter()	16	static
ModelListener.hpp:9:5:ModelListener::ModelListener()	16	static
ModelListener.hpp:11:13:ModelListener::~ModelListener()	16	static
ModelListener.hpp:11:13:virtual ModelListener::~ModelListener()	16	static
ModelListener.hpp:18:18:virtual void ModelListener::updateDisplay()	16	static
Screen7Presenter.hpp:28:13:Screen7Presenter::~Screen7Presenter()	16	static
Screen7Presenter.hpp:28:13:virtual Screen7Presenter::~Screen7Presenter()	16	static
Screen7Presenter.cpp:4:1:Screen7Presenter::Screen7Presenter(Screen7View&)	16	static
Screen7Presenter.cpp:10:6:virtual void Screen7Presenter::activate()	16	static
Screen7Presenter.cpp:15:6:virtual void Screen7Presenter::deactivate()	16	static
