../Drivers/CMSIS/Include/core_cm7.h:2229:22:SCB_EnableICache	4	static,ignoring_inline_asm
../Drivers/CMSIS/Include/core_cm7.h:2281:22:SCB_EnableDCache	24	static,ignoring_inline_asm
../Core/Src/main.c:117:5:main	8	static
../Core/Src/main.c:241:6:SystemClock_Config	88	static
../Core/Src/main.c:295:6:PeriphCommonClock_Config	152	static
../Core/Src/main.c:322:6:HAL_CAN_RxFifo0MsgPendingCallback	32	static
../Core/Src/main.c:342:6:HAL_CAN_RxFifo1MsgPendingCallback	32	static
../Core/Src/main.c:362:6:HAL_TIM_PeriodElapsedCallback	16	static
../Core/Src/main.c:384:6:Error_Handler	4	static,ignoring_inline_asm
