../Drivers/CMSIS/Include/core_cm7.h:2229:22:SCB_EnableICache	4	static,ignoring_inline_asm
../Drivers/CMSIS/Include/core_cm7.h:2281:22:SCB_EnableDCache	24	static,ignoring_inline_asm
../Core/Src/main.c:107:5:main	8	static
../Core/Src/main.c:223:6:SystemClock_Config	88	static
../Core/Src/main.c:277:6:PeriphCommonClock_Config	152	static
../Core/Src/main.c:304:6:HAL_CAN_RxFifo0MsgPendingCallback	32	static
../Core/Src/main.c:324:6:HAL_CAN_RxFifo1MsgPendingCallback	32	static
../Core/Src/main.c:344:6:HAL_TIM_PeriodElapsedCallback	16	static
../Core/Src/main.c:366:6:Error_Handler	4	static,ignoring_inline_asm
