../Core/Src/quadspi.c:35:6:MX_QUADSPI_Init	8	static
../Core/Src/quadspi.c:64:6:HAL_QSPI_MspInit	56	static
../Core/Src/quadspi.c:121:6:HAL_QSPI_MspDeInit	16	static
../Core/Src/quadspi.c:155:9:CSP_QUADSPI_Init	8	static
../Core/Src/quadspi.c:186:9:CSP_QSPI_Erase_Chip	64	static
../Core/Src/quadspi.c:221:9:QSPI_AutoPollingMemReady	88	static
../Core/Src/quadspi.c:252:16:QSPI_WriteEnable	88	static
../Core/Src/quadspi.c:291:9:QSPI_Configuration	72	static
../Core/Src/quadspi.c:366:9:CSP_QSPI_EraseSector	72	static
../Core/Src/quadspi.c:407:9:CSP_QSPI_WriteMemory	96	static
../Core/Src/quadspi.c:489:9:CSP_QSPI_EnableMemoryMappedMode	72	static
../Core/Src/quadspi.c:517:9:QSPI_ResetChip	72	static,ignoring_inline_asm
../Core/Src/quadspi.c:639:6:MPU_Config	24	static
../Core/Src/quadspi.c:725:6:Start_QSPI	8	static
