../Core/Src/stm32f7xx_it.c:84:6:NMI_Handler	4	static
../Core/Src/stm32f7xx_it.c:99:6:HardFault_Handler	4	static
../Core/Src/stm32f7xx_it.c:114:6:MemManage_Handler	4	static
../Core/Src/stm32f7xx_it.c:129:6:BusFault_Handler	4	static
../Core/Src/stm32f7xx_it.c:144:6:UsageFault_Handler	4	static
../Core/Src/stm32f7xx_it.c:159:6:DebugMon_Handler	4	static
../Core/Src/stm32f7xx_it.c:179:6:CAN1_RX0_IRQHandler	8	static
../Core/Src/stm32f7xx_it.c:193:6:TIM1_UP_TIM10_IRQHandler	8	static
../Core/Src/stm32f7xx_it.c:207:6:TIM2_IRQHandler	8	static
../Core/Src/stm32f7xx_it.c:221:6:TIM3_IRQHandler	8	static
../Core/Src/stm32f7xx_it.c:235:6:TIM4_IRQHandler	8	static
../Core/Src/stm32f7xx_it.c:249:6:SDMMC1_IRQHandler	8	static
../Core/Src/stm32f7xx_it.c:263:6:TIM5_IRQHandler	8	static
../Core/Src/stm32f7xx_it.c:277:6:TIM6_DAC_IRQHandler	8	static
../Core/Src/stm32f7xx_it.c:294:6:DMA2_Stream3_IRQHandler	8	static
../Core/Src/stm32f7xx_it.c:308:6:CAN2_RX1_IRQHandler	8	static
../Core/Src/stm32f7xx_it.c:322:6:DMA2_Stream6_IRQHandler	8	static
../Core/Src/stm32f7xx_it.c:336:6:LTDC_IRQHandler	8	static
../Core/Src/stm32f7xx_it.c:350:6:DMA2D_IRQHandler	8	static
