stm32f7xx_it.c:83:6:NMI_Handler	4	static
stm32f7xx_it.c:98:6:HardFault_Handler	4	static
stm32f7xx_it.c:113:6:MemManage_Handler	4	static
stm32f7xx_it.c:128:6:BusFault_Handler	4	static
stm32f7xx_it.c:143:6:UsageFault_Handler	4	static
stm32f7xx_it.c:158:6:DebugMon_Handler	4	static
stm32f7xx_it.c:178:6:CAN1_RX0_IRQHandler	8	static
stm32f7xx_it.c:192:6:EXTI9_5_IRQHandler	8	static
stm32f7xx_it.c:207:6:TIM1_UP_TIM10_IRQHandler	8	static
stm32f7xx_it.c:221:6:TIM2_IRQHandler	8	static
stm32f7xx_it.c:235:6:TIM3_IRQHandler	8	static
stm32f7xx_it.c:249:6:TIM4_IRQHandler	8	static
stm32f7xx_it.c:263:6:SDMMC1_IRQHandler	8	static
stm32f7xx_it.c:277:6:TIM5_IRQHandler	8	static
stm32f7xx_it.c:291:6:TIM6_DAC_IRQHandler	8	static
stm32f7xx_it.c:308:6:DMA2_Stream3_IRQHandler	8	static
stm32f7xx_it.c:322:6:DMA2_Stream6_IRQHandler	8	static
stm32f7xx_it.c:336:6:LTDC_IRQHandler	8	static
stm32f7xx_it.c:350:6:DMA2D_IRQHandler	8	static
