../MDM_GUI_LIB/Src/MDM_GUI_LIB.c:24:6:GUI_accelerometer	104	static
../MDM_GUI_LIB/Src/MDM_GUI_LIB.c:183:6:GUI_accelerometerQueue	96	static
../MDM_GUI_LIB/Src/MDM_GUI_LIB.c:356:6:GUI_Rect	24	static
../MDM_GUI_LIB/Src/MDM_GUI_LIB.c:370:6:GUI_Bar	32	static
../MDM_GUI_LIB/Src/MDM_GUI_LIB.c:435:6:GUI_Bar_OLD	72	static
../MDM_GUI_LIB/Src/MDM_GUI_LIB.c:553:10:GUI_ColorColdIdealHot_ARGB32	56	static
../MDM_GUI_LIB/Src/MDM_GUI_LIB.c:623:6:ARGB_Scomposition	24	static
../MDM_GUI_LIB/Src/MDM_GUI_LIB.c:631:6:ARGB_Scomposition_1	16	static
../MDM_GUI_LIB/Src/MDM_GUI_LIB.c:639:10:ARGB_Creation	24	static
../MDM_GUI_LIB/Src/MDM_GUI_LIB.c:646:10:ARGB_Alteration	24	static
../MDM_GUI_LIB/Src/MDM_GUI_LIB.c:671:6:GUI_DrawNumAtAuto	104	static
../MDM_GUI_LIB/Src/MDM_GUI_LIB.c:829:6:GUI_DrawNumAt	264	static
../MDM_GUI_LIB/Src/MDM_GUI_LIB.c:1220:6:GUI_DrawNumAtStruct	88	static
../MDM_GUI_LIB/Src/MDM_GUI_LIB.c:1226:6:_GUI_DrawNumAt	40	static
../MDM_GUI_LIB/Src/MDM_GUI_LIB.c:1244:6:GUI_DrawTimeAt	128	static
../MDM_GUI_LIB/Src/MDM_GUI_LIB.c:1644:6:GUI_DrawNumAt_Dec	152	static
../MDM_GUI_LIB/Src/MDM_GUI_LIB.c:1813:6:GUI_DrawStringAt	32	static
