\\?\E:\Programmi\stm32ide\STM32CubeIDE_1.14.0\STM32CubeIDE\plugins\com.st.stm32cube.ide.mcu.externaltools.gnu-tools-for-stm32.11.3.rel1.win32_1.1.100.202309141235\tools\arm-none-eabi\include\c++\11.3.1\arm-none-eabi\thumb\v7e-m+dp\hard\bits\gthr-default.h:229:1:int __gthread_key_delete(__gthread_key_t)	16	static
../Code/src/c_interface.cpp:4:6:void decodeCAN1Msg(uint16_t, uint8_t, uint8_t*)	16	static
../Code/src/c_interface.cpp:8:6:void decodeCAN2Msg(uint16_t, uint8_t, uint8_t*)	16	static
../Code/src/c_interface.cpp:12:6:void decodeCAN3Msg(uint16_t, uint8_t, uint8_t*)	16	static
../Code/src/c_interface.cpp:16:6:void startAlarmHandlerTask()	8	static
../Code/src/c_interface.cpp:20:6:void startControlsHandlerTask()	8	static
../Code/src/c_interface.cpp:22:1:void __static_initialization_and_destruction_0(int, int)	16	static
../Code/src/c_interface.cpp:22:1:cpp)	8	static
../Code/src/c_interface.cpp:22:1:cpp)	8	static
