../Code/src/ps_code.cpp:6:1:Locker::Locker()	16	static
../Code/src/ps_code.cpp:10:6:void Locker::acquireLock()	16	static
../Code/src/ps_code.cpp:14:6:void Locker::giveLock()	16	static
../Code/src/ps_code.cpp:18:14:unsigned int millis()	4	static
../Code/src/ps_code.cpp:22:1:XQueueWrapper::XQueueWrapper(size_t, size_t)	24	static
../Code/src/ps_code.cpp:27:6:bool XQueueWrapper::pushBack(void*)	16	static
../Code/src/ps_code.cpp:31:6:bool XQueueWrapper::pushBackFromISR(void*)	16	static
../Code/src/ps_code.cpp:36:6:bool XQueueWrapper::receive(void*)	16	static
../Code/src/ps_code.cpp:40:6:bool XQueueWrapper::receiveFromISR(void*)	16	static
../Code/src/ps_code.cpp:45:8:size_t XQueueWrapper::itemsInQueue()	16	static
../Code/src/ps_code.cpp:51:2:DashBtn::DashBtn(GPIO_TypeDef*, uint16_t)	24	static
../Code/src/ps_code.cpp:54:16:DASHBTN_STATE DashBtn::read()	24	static
../Code/src/ps_code.cpp:85:15:DASHBTN_STATE readDashAckBtn()	8	static
../Code/src/ps_code.cpp:89:15:DASHBTN_STATE readDashIncBtn()	8	static
../Code/src/ps_code.cpp:93:15:DASHBTN_STATE readDashDecBtn()	8	static
../Code/src/ps_code.cpp:97:15:DASHBTN_STATE readDashRadioBtn()	8	static
../Code/src/ps_code.cpp:101:15:DASHBTN_STATE readDashMarkBtn()	8	static
../Code/src/ps_code.cpp:105:15:DASHBTN_STATE readDashSp1Btn()	8	static
../Code/src/ps_code.cpp:109:15:DASHBTN_STATE readDashSp2Btn()	8	static
../Code/src/ps_code.cpp:113:9:uint8_t readDashTractionLevel()	16	static
../Code/src/ps_code.cpp:134:9:uint8_t readDashMap()	4	static
../Code/src/ps_code.cpp:136:1:void __static_initialization_and_destruction_0(int, int)	16	static
../Code/src/ps_code.cpp:136:1:cpp)	8	static
