Font.hpp:167:13:touchgfx::Font::~Font()	16	static
Font.hpp:167:13:virtual touchgfx::Font::~Font()	16	static
ConstFont.hpp:35:7:touchgfx::ConstFont::~ConstFont()	16	static
ConstFont.hpp:35:7:virtual touchgfx::ConstFont::~ConstFont()	16	static
GeneratedFont.hpp:17:7:touchgfx::GeneratedFont::~GeneratedFont()	16	static
GeneratedFont.hpp:17:7:virtual touchgfx::GeneratedFont::~GeneratedFont()	16	static
Table_ariblk_35_4bpp.cpp:215:158:void __tcf_0()	8	static
Table_ariblk_35_4bpp.cpp:213:26:touchgfx::GeneratedFont& getFont_ariblk_35_4bpp()	56	static
