../Middlewares/ST/touchgfx/framework/include/touchgfx/Screen.hpp:104:18:virtual void touchgfx::Screen::afterTransition()	16	static
../Middlewares/ST/touchgfx/framework/include/touchgfx/Screen.hpp:115:18:virtual void touchgfx::Screen::tearDownScreen()	16	static
../Middlewares/ST/touchgfx/framework/include/touchgfx/Screen.hpp:144:18:virtual void touchgfx::Screen::handleTickEvent()	16	static
../Middlewares/ST/touchgfx/framework/include/touchgfx/Screen.hpp:154:18:virtual void touchgfx::Screen::handleKeyEvent(uint8_t)	16	static
../TouchGFX/gui/include/gui/endurance_screen/ENDURANCEView.hpp:11:13:ENDURANCEView::~ENDURANCEView()	16	static
../TouchGFX/gui/include/gui/endurance_screen/ENDURANCEView.hpp:11:13:virtual ENDURANCEView::~ENDURANCEView()	16	static
../TouchGFX/gui/src/endurance_screen/ENDURANCEView.cpp:4:1:ENDURANCEView::ENDURANCEView()	16	static
../TouchGFX/gui/src/endurance_screen/ENDURANCEView.cpp:9:6:virtual void ENDURANCEView::setupScreen()	16	static
../TouchGFX/gui/src/endurance_screen/ENDURANCEView.cpp:14:6:virtual void ENDURANCEView::tearDownScreen()	16	static
../TouchGFX/gui/src/endurance_screen/ENDURANCEView.cpp:19:6:virtual void ENDURANCEView::updateDisplay()	16	static
