../Middlewares/ST/touchgfx/framework/include/touchgfx/Screen.hpp:104:18:virtual void touchgfx::Screen::afterTransition()	16	static
../Middlewares/ST/touchgfx/framework/include/touchgfx/Screen.hpp:115:18:virtual void touchgfx::Screen::tearDownScreen()	16	static
../Middlewares/ST/touchgfx/framework/include/touchgfx/Screen.hpp:144:18:virtual void touchgfx::Screen::handleTickEvent()	16	static
../Middlewares/ST/touchgfx/framework/include/touchgfx/Screen.hpp:154:18:virtual void touchgfx::Screen::handleKeyEvent(uint8_t)	16	static
../TouchGFX/gui/include/gui/race_screen/RACEView.hpp:11:13:RACEView::~RACEView()	16	static
../TouchGFX/gui/include/gui/race_screen/RACEView.hpp:11:13:virtual RACEView::~RACEView()	16	static
../TouchGFX/gui/src/race_screen/RACEView.cpp:4:1:RACEView::RACEView()	16	static
../TouchGFX/gui/src/race_screen/RACEView.cpp:9:6:virtual void RACEView::setupScreen()	16	static
../TouchGFX/gui/src/race_screen/RACEView.cpp:14:6:virtual void RACEView::tearDownScreen()	16	static
../TouchGFX/gui/src/race_screen/RACEView.cpp:19:6:virtual void RACEView::updateDisplay()	16	static
